// Vitest Snapshot v1, https://vitest.dev/guide/snapshot.html

exports[`<OAuth2ClientDetail> > renders client details 1`] = `
<div>
  <div
    class="flex flex-col gap-10"
  >
    <header
      class="flex flex-row gap-2 justify-start items-center"
    >
      <h3
        class="_typography_6v6n8_153 _font-heading-md-semibold_6v6n8_112"
      >
        Test Client
      </h3>
    </header>
    <section
      class="flex flex-col gap-6"
    >
      <h4
        class="_typography_6v6n8_153 _font-heading-sm-semibold_6v6n8_93"
      >
        Client info
      </h4>
      <div
        aria-orientation="horizontal"
        class="_separator_59a6a1 _section_59a6a1 -mt-4"
        role="separator"
      />
      <ul
        class="flex flex-wrap gap-x-10 gap-y-6"
      >
        <li
          class="flex flex-col min-w-0"
        >
          <h5
            class="_typography_6v6n8_153 _font-body-sm-regular_6v6n8_31 text-secondary"
          >
            Name
          </h5>
          <p
            class="_typography_6v6n8_153 _font-body-md-regular_6v6n8_50 text-ellipsis overflow-hidden"
          >
            Test Client
          </p>
        </li>
        <li
          class="flex flex-col min-w-0"
        >
          <h5
            class="_typography_6v6n8_153 _font-body-sm-regular_6v6n8_31 text-secondary"
          >
            Terms of service
          </h5>
          <p
            class="_typography_6v6n8_153 _font-body-md-regular_6v6n8_50 text-ellipsis overflow-hidden"
          >
            <a
              class="_link_1v5rz_8 _externalLink_94c115"
              data-kind="primary"
              data-size="medium"
              href="https://client.org/tos"
              rel="noreferrer noopener"
              target="_blank"
            >
              client.org/tos
            </a>
          </p>
        </li>
        <li
          class="flex flex-col min-w-0"
        >
          <h5
            class="_typography_6v6n8_153 _font-body-sm-regular_6v6n8_31 text-secondary"
          >
            Policy
          </h5>
          <p
            class="_typography_6v6n8_153 _font-body-md-regular_6v6n8_50 text-ellipsis overflow-hidden"
          >
            <a
              class="_link_1v5rz_8 _externalLink_94c115"
              data-kind="primary"
              data-size="medium"
              href="https://client.org/policy"
              rel="noreferrer noopener"
              target="_blank"
            >
              client.org/policy
            </a>
          </p>
        </li>
      </ul>
    </section>
  </div>
</div>
`;
